
> payforme-helper@2.1.0 typecheck
> tsc --noEmit

server.ts(1613,76): error TS6133: 'req' is declared but its value is never read.
server.ts(1646,79): error TS6133: 'req' is declared but its value is never read.
server.ts(1676,82): error TS6133: 'req' is declared but its value is never read.
server.ts(2248,78): error TS6133: 'req' is declared but its value is never read.
src/components/ui/UserTreeView.tsx(1,8): error TS6133: 'React' is declared but its value is never read.
src/pages/ChiefEngineerDashboard.tsx(19,13): error TS6133: 'token' is declared but its value is never read.
src/pages/DashboardPage.tsx(217,15): error TS6133: 'token' is declared but its value is never read.
src/pages/DatabaseAdminPage.tsx(4,16): error TS6133: 'CardContent' is declared but its value is never read.
src/pages/DatabaseAdminPage.tsx(30,13): error TS6133: 'token' is declared but its value is never read.
src/pages/DatabaseAdminPage.tsx(52,13): error TS6133: 'token' is declared but its value is never read.
src/pages/EarningsPage.tsx(35,46): error TS6133: 'handleBack' is declared but its value is never read.
src/pages/EarningsPage.tsx(51,13): error TS6133: 'token' is declared but its value is never read.
src/pages/ForgotPasswordPage.tsx(7,23): error TS6133: 'KeyRound' is declared but its value is never read.
src/pages/H5ProductPage.tsx(135,10): error TS6133: 'payUrl' is declared but its value is never read.
src/pages/OrdersPage.tsx(70,44): error TS6133: 'handleBack' is declared but its value is never read.
src/pages/OrdersPage.tsx(105,13): error TS6133: 'token' is declared but its value is never read.
src/pages/OrdersPage.tsx(122,13): error TS6133: 'token' is declared but its value is never read.
src/pages/ProductCheckoutPage.tsx(9,3): error TS6133: 'Clock' is declared but its value is never read.
src/pages/ProductCreatePage.tsx(7,1): error TS6133: 'motion' is declared but its value is never read.
src/pages/ProductCreatePage.tsx(20,45): error TS6133: 'user' is declared but its value is never read.
src/pages/ProductCreatePage.tsx(20,51): error TS6133: 'handleBack' is declared but its value is never read.
src/pages/ProductCreatePage.tsx(42,13): error TS6133: 'token' is declared but its value is never read.
src/pages/ProductCreatePage.tsx(79,13): error TS6133: 'token' is declared but its value is never read.
src/pages/ProductsPage.tsx(53,46): error TS6133: 'handleBack' is declared but its value is never read.
src/pages/ProductsPage.tsx(70,13): error TS6133: 'token' is declared but its value is never read.
src/pages/ProductsPage.tsx(88,13): error TS6133: 'token' is declared but its value is never read.
src/pages/ProductsPage.tsx(108,13): error TS6133: 'token' is declared but its value is never read.
src/pages/ProductsPage.tsx(126,9): error TS6133: 'copyShareLink' is declared but its value is never read.
src/pages/ProductsPage.tsx(348,3): error TS6133: 'user' is declared but its value is never read.
src/pages/ProductsPage.tsx(389,13): error TS6133: 'token' is declared but its value is never read.
src/pages/ResetPasswordPage.tsx(15,45): error TS6133: 'handleBack' is declared but its value is never read.
src/pages/SettingsPage.tsx(10,3): error TS6133: 'Bell' is declared but its value is never read.
src/pages/SettingsPage.tsx(51,10): error TS6133: 'notifications' is declared but its value is never read.
src/pages/SettingsPage.tsx(51,25): error TS6133: 'setNotifications' is declared but its value is never read.
src/pages/SettingsPage.tsx(404,13): error TS6133: 'token' is declared but its value is never read.
src/pages/SettingsPage.tsx(493,13): error TS6133: 'token' is declared but its value is never read.
src/pages/SettingsPage.tsx(624,13): error TS6133: 'token' is declared but its value is never read.
src/pages/SettingsPage.tsx(734,13): error TS6133: 'token' is declared but its value is never read.
src/pages/SettingsPage.tsx(757,13): error TS6133: 'token' is declared but its value is never read.
src/pages/StaffWallet.tsx(34,13): error TS6133: 'token' is declared but its value is never read.
src/pages/UserManagePage.tsx(13,3): error TS6133: 'XCircle' is declared but its value is never read.
src/pages/UserManagePage.tsx(18,3): error TS6133: 'Clock' is declared but its value is never read.
src/pages/UserManagePage.tsx(78,13): error TS6133: 'token' is declared but its value is never read.
src/pages/UserManagePage.tsx(104,13): error TS6133: 'token' is declared but its value is never read.
src/pages/UserManagePage.tsx(382,13): error TS6133: 'token' is declared but its value is never read.
src/pages/UserManagePage.tsx(527,13): error TS6133: 'token' is declared but its value is never read.
src/pages/WithdrawPage.tsx(37,46): error TS6133: 'handleBack' is declared but its value is never read.
src/pages/WithdrawPage.tsx(57,13): error TS6133: 'token' is declared but its value is never read.
src/pages/WithdrawPage.tsx(91,13): error TS6133: 'token' is declared but its value is never read.
src/pages/WithdrawalManagePage.tsx(67,7): error TS6133: 'PAYMENT_METHOD_LABELS' is declared but its value is never read.
src/pages/WithdrawalManagePage.tsx(89,13): error TS6133: 'token' is declared but its value is never read.
src/pages/WithdrawalManagePage.tsx(130,13): error TS6133: 'token' is declared but its value is never read.
src/pages/WithdrawalManagePage.tsx(158,13): error TS6133: 'token' is declared but its value is never read.
src/pages/WithdrawalManagePage.tsx(186,13): error TS6133: 'token' is declared but its value is never read.
src/services/authService.ts(179,31): error TS6133: 'email' is declared but its value is never read.
src/services/authService.ts(229,41): error TS6133: 'displayName' is declared but its value is never read.
src/services/authService.ts(270,46): error TS6133: 'email' is declared but its value is never read.
src/services/authService.ts(276,37): error TS6133: 'email' is declared but its value is never read.
src/services/authService.ts(288,47): error TS6133: 'email' is declared but its value is never read.
src/services/authService.ts(292,35): error TS6133: 'tokenHash' is declared but its value is never read.
src/services/authService.ts(292,54): error TS6133: 'type' is declared but its value is never read.
src/services/authService.ts(302,55): error TS6133: 'refreshToken' is declared but its value is never read.
src/services/dataService.ts(7,10): error TS6133: 'getAuthHeaders' is declared but its value is never read.
src/services/dataService.ts(17,31): error TS6133: 'uid' is declared but its value is never read.
src/services/posterService/templates/ctrip.ts(8,102): error TS6133: 'truncateText' is declared but its value is never read.
src/services/posterService/templates/ctrip.ts(9,1): error TS6133: 'path' is declared but its value is never read.
src/services/posterService/templates/default.ts(8,102): error TS6133: 'truncateText' is declared but its value is never read.
src/services/posterService/utils.ts(60,51): error TS6133: 'sourcePath' is declared but its value is never read.
